// Jest Snapshot v1, https://goo.gl/fbAQLP

exports[`satisfiesVersionRange should throw when invalid parameters are passed should throw error when invalid range is passed 1`] = `"Not a valid semver range: a.b.c"`;

exports[`satisfiesVersionRange should throw when invalid parameters are passed should throw error when invalid version is passed 1`] = `"Not a valid semver version: a.b.c"`;
